Archive member included because of file (symbol)

c:/program files (x86)/atmel/atmel toolchain/avr8 gcc/native/3.4.1061/avr8-gnu-toolchain/bin/../lib/gcc/avr/4.8.1/../../../../avr/lib/avr5\libm.a(addsf3.o)
                              joystick.o (__subsf3)
c:/program files (x86)/atmel/atmel toolchain/avr8 gcc/native/3.4.1061/avr8-gnu-toolchain/bin/../lib/gcc/avr/4.8.1/../../../../avr/lib/avr5\libm.a(addsf3x.o)
                              c:/program files (x86)/atmel/atmel toolchain/avr8 gcc/native/3.4.1061/avr8-gnu-toolchain/bin/../lib/gcc/avr/4.8.1/../../../../avr/lib/avr5\libm.a(addsf3.o) (__addsf3x)
c:/program files (x86)/atmel/atmel toolchain/avr8 gcc/native/3.4.1061/avr8-gnu-toolchain/bin/../lib/gcc/avr/4.8.1/../../../../avr/lib/avr5\libm.a(divsf3.o)
                              joystick.o (__divsf3)
c:/program files (x86)/atmel/atmel toolchain/avr8 gcc/native/3.4.1061/avr8-gnu-toolchain/bin/../lib/gcc/avr/4.8.1/../../../../avr/lib/avr5\libm.a(divsf3x.o)
                              c:/program files (x86)/atmel/atmel toolchain/avr8 gcc/native/3.4.1061/avr8-gnu-toolchain/bin/../lib/gcc/avr/4.8.1/../../../../avr/lib/avr5\libm.a(divsf3.o) (__divsf3x)
c:/program files (x86)/atmel/atmel toolchain/avr8 gcc/native/3.4.1061/avr8-gnu-toolchain/bin/../lib/gcc/avr/4.8.1/../../../../avr/lib/avr5\libm.a(fixsfsi.o)
                              joystick.o (__fixsfsi)
c:/program files (x86)/atmel/atmel toolchain/avr8 gcc/native/3.4.1061/avr8-gnu-toolchain/bin/../lib/gcc/avr/4.8.1/../../../../avr/lib/avr5\libm.a(fixunssfsi.o)
                              c:/program files (x86)/atmel/atmel toolchain/avr8 gcc/native/3.4.1061/avr8-gnu-toolchain/bin/../lib/gcc/avr/4.8.1/../../../../avr/lib/avr5\libm.a(fixsfsi.o) (__fixunssfsi)
c:/program files (x86)/atmel/atmel toolchain/avr8 gcc/native/3.4.1061/avr8-gnu-toolchain/bin/../lib/gcc/avr/4.8.1/../../../../avr/lib/avr5\libm.a(floatsisf.o)
                              joystick.o (__floatsisf)
c:/program files (x86)/atmel/atmel toolchain/avr8 gcc/native/3.4.1061/avr8-gnu-toolchain/bin/../lib/gcc/avr/4.8.1/../../../../avr/lib/avr5\libm.a(fp_inf.o)
                              c:/program files (x86)/atmel/atmel toolchain/avr8 gcc/native/3.4.1061/avr8-gnu-toolchain/bin/../lib/gcc/avr/4.8.1/../../../../avr/lib/avr5\libm.a(addsf3x.o) (__fp_inf)
c:/program files (x86)/atmel/atmel toolchain/avr8 gcc/native/3.4.1061/avr8-gnu-toolchain/bin/../lib/gcc/avr/4.8.1/../../../../avr/lib/avr5\libm.a(fp_nan.o)
                              c:/program files (x86)/atmel/atmel toolchain/avr8 gcc/native/3.4.1061/avr8-gnu-toolchain/bin/../lib/gcc/avr/4.8.1/../../../../avr/lib/avr5\libm.a(addsf3x.o) (__fp_nan)
c:/program files (x86)/atmel/atmel toolchain/avr8 gcc/native/3.4.1061/avr8-gnu-toolchain/bin/../lib/gcc/avr/4.8.1/../../../../avr/lib/avr5\libm.a(fp_pscA.o)
                              c:/program files (x86)/atmel/atmel toolchain/avr8 gcc/native/3.4.1061/avr8-gnu-toolchain/bin/../lib/gcc/avr/4.8.1/../../../../avr/lib/avr5\libm.a(addsf3x.o) (__fp_pscA)
c:/program files (x86)/atmel/atmel toolchain/avr8 gcc/native/3.4.1061/avr8-gnu-toolchain/bin/../lib/gcc/avr/4.8.1/../../../../avr/lib/avr5\libm.a(fp_pscB.o)
                              c:/program files (x86)/atmel/atmel toolchain/avr8 gcc/native/3.4.1061/avr8-gnu-toolchain/bin/../lib/gcc/avr/4.8.1/../../../../avr/lib/avr5\libm.a(addsf3x.o) (__fp_pscB)
c:/program files (x86)/atmel/atmel toolchain/avr8 gcc/native/3.4.1061/avr8-gnu-toolchain/bin/../lib/gcc/avr/4.8.1/../../../../avr/lib/avr5\libm.a(fp_round.o)
                              c:/program files (x86)/atmel/atmel toolchain/avr8 gcc/native/3.4.1061/avr8-gnu-toolchain/bin/../lib/gcc/avr/4.8.1/../../../../avr/lib/avr5\libm.a(addsf3.o) (__fp_round)
c:/program files (x86)/atmel/atmel toolchain/avr8 gcc/native/3.4.1061/avr8-gnu-toolchain/bin/../lib/gcc/avr/4.8.1/../../../../avr/lib/avr5\libm.a(fp_split3.o)
                              c:/program files (x86)/atmel/atmel toolchain/avr8 gcc/native/3.4.1061/avr8-gnu-toolchain/bin/../lib/gcc/avr/4.8.1/../../../../avr/lib/avr5\libm.a(addsf3x.o) (__fp_split3)
c:/program files (x86)/atmel/atmel toolchain/avr8 gcc/native/3.4.1061/avr8-gnu-toolchain/bin/../lib/gcc/avr/4.8.1/../../../../avr/lib/avr5\libm.a(fp_zero.o)
                              c:/program files (x86)/atmel/atmel toolchain/avr8 gcc/native/3.4.1061/avr8-gnu-toolchain/bin/../lib/gcc/avr/4.8.1/../../../../avr/lib/avr5\libm.a(addsf3x.o) (__fp_zero)
c:/program files (x86)/atmel/atmel toolchain/avr8 gcc/native/3.4.1061/avr8-gnu-toolchain/bin/../lib/gcc/avr/4.8.1/../../../../avr/lib/avr5\libm.a(mulsf3.o)
                              oled_driver.o (__mulsf3)
c:/program files (x86)/atmel/atmel toolchain/avr8 gcc/native/3.4.1061/avr8-gnu-toolchain/bin/../lib/gcc/avr/4.8.1/../../../../avr/lib/avr5\libm.a(mulsf3x.o)
[...]
Memory Configuration

Name             Origin             Length             Attributes
text             0x00000000         0x00020000         xr
data             0x00800060         0x0000ffa0         rw !x
eeprom           0x00810000         0x00010000         rw !x
fuse             0x00820000         0x00000400         rw !x
lock             0x00830000         0x00000400         rw !x
signature        0x00840000         0x00000400         rw !x
user_signatures  0x00850000         0x00000400         rw !x
*default*        0x00000000         0xffffffff

Linker script and memory map

Address of section .data set to 0x800100
LOAD c:/program files (x86)/atmel/atmel toolchain/avr8 gcc/native/3.4.1061/avr8-gnu-toolchain/bin/../lib/gcc/avr/4.8.1/../../../../avr/lib/avr5/crtm162.o
LOAD adc_driver.o
LOAD can_controller_driver.o
LOAD can_driver.o
LOAD game.o
LOAD joystick.o
LOAD main.o
LOAD oled_driver.o
LOAD spi_driver.o
LOAD sram_driver.o
LOAD usart_driver.o
LOAD src/ASF/common/boards/user_board/init.o
START GROUP
LOAD c:/program files (x86)/atmel/atmel toolchain/avr8 gcc/native/3.4.1061/avr8-gnu-toolchain/bin/../lib/gcc/avr/4.8.1/../../../../avr/lib/avr5\libm.a
END GROUP
START GROUP
LOAD c:/program files (x86)/atmel/atmel toolchain/avr8 gcc/native/3.4.1061/avr8-gnu-toolchain/bin/../lib/gcc/avr/4.8.1/avr5\libgcc.a
LOAD c:/program files (x86)/atmel/atmel toolchain/avr8 gcc/native/3.4.1061/avr8-gnu-toolchain/bin/../lib/gcc/avr/4.8.1/../../../../avr/lib/avr5\libm.a
LOAD c:/program files (x86)/atmel/atmel toolchain/avr8 gcc/native/3.4.1061/avr8-gnu-toolchain/bin/../lib/gcc/avr/4.8.1/../../../../avr/lib/avr5\libc.a
END GROUP

.hash
 *(.hash)

.dynsym
 *(.dynsym)

.dynstr
 *(.dynstr)

.gnu.version
 *(.gnu.version)

.gnu.version_d
 *(.gnu.version_d)

.gnu.version_r
 *(.gnu.version_r)

.rel.init
 *(.rel.init)

.rela.init
 *(.rela.init)

.rel.text
 *(.rel.text)
 *(.rel.text.*)
 *(.rel.gnu.linkonce.t*)

.rela.text
 *(.rela.text)
 *(.rela.text.*)
 *(.rela.gnu.linkonce.t*)

.rel.fini
 *(.rel.fini)

.rela.fini
 *(.rela.fini)

.rel.rodata
 *(.rel.rodata)
 *(.rel.rodata.*)
 *(.rel.gnu.linkonce.r*)

.rela.rodata
 *(.rela.rodata)
 *(.rela.rodata.*)
 *(.rela.gnu.linkonce.r*)

.rel.data
 *(.rel.data)
 *(.rel.data.*)
 *(.rel.gnu.linkonce.d*)

.rela.data
 *(.rela.data)
 *(.rela.data.*)
 *(.rela.gnu.linkonce.d*)

.rel.ctors
 *(.rel.ctors)

.rela.ctors
 *(.rela.ctors)

.rel.dtors
 *(.rel.dtors)

.rela.dtors
 *(.rela.dtors)

.rel.got
 *(.rel.got)

.rela.got
 *(.rela.got)

.rel.bss
 *(.rel.bss)

.rela.bss
 *(.rela.bss)

.rel.plt
 *(.rel.plt)

.rela.plt
 *(.rela.plt)

.text           0x00000000     0x1fd6
 *(.vectors)
 .vectors       0x00000000       0x70 c:/program files (x86)/atmel/atmel toolchain/avr8 gcc/native/3.4.1061/avr8-gnu-toolchain/bin/../lib/gcc/avr/4.8.1/../../../../avr/lib/avr5/crtm162.o
                0x00000000                __vector_default
                0x00000000                __vectors
 *(.vectors)
 *(.progmem.gcc*)
                0x00000070                . = ALIGN (0x2)
                0x00000070                __trampolines_start = .
 *(.trampolines)
 .trampolines   0x00000070        0x0 linker stubs
 *(.trampolines*)
                0x00000070                __trampolines_end = .
 *(.progmem*)
 .progmem.data.specialChar
                0x00000070      0x150 oled_driver.o
                0x00000070                specialChar
 .progmem.data.font4
                0x000001c0      0x17c oled_driver.o
                0x000001c0                font4
 .progmem.data.font5
                0x0000033c      0x1db oled_driver.o
                0x0000033c                font5
 .progmem.data.font8
                0x00000517      0x2f8 oled_driver.o
                0x00000517                font8
                0x00000810                . = ALIGN (0x2)
 *fill*         0x0000080f        0x1 
 *(.jumptables)
 *(.jumptables*)
 *(.lowtext)
 *(.lowtext*)
                0x00000810                __ctors_start = .
 *(.ctors)
                0x00000810                __ctors_end = .
                0x00000810                __dtors_start = .
 *(.dtors)
                0x00000810                __dtors_end = .
 SORT(*)(.ctors)
 SORT(*)(.dtors)
 *(.init0)
 .init0         0x00000810        0x0 c:/program files (x86)/atmel/atmel toolchain/avr8 gcc/native/3.4.1061/avr8-gnu-toolchain/bin/../lib/gcc/avr/4.8.1/../../../../avr/lib/avr5/crtm162.o
                0x00000810                __init
 *(.init0)
 *(.init1)
 *(.init1)
 *(.init2)
 .init2         0x00000810        0xc c:/program files (x86)/atmel/atmel toolchain/avr8 gcc/native/3.4.1061/avr8-gnu-toolchain/bin/../lib/gcc/avr/4.8.1/../../../../avr/lib/avr5/crtm162.o
 *(.init2)
 *(.init3)
 *(.init3)
 *(.init4)
 .init4         0x0000081c       0x16 c:/program files (x86)/atmel/atmel toolchain/avr8 gcc/native/3.4.1061/avr8-gnu-toolchain/bin/../lib/gcc/avr/4.8.1/avr5\libgcc.a(_copy_data.o)
                0x0000081c                __do_copy_data
 .init4         0x00000832       0x10 c:/program files (x86)/atmel/atmel toolchain/avr8 gcc/native/3.4.1061/avr8-gnu-toolchain/bin/../lib/gcc/avr/4.8.1/avr5\libgcc.a(_clear_bss.o)
                0x00000832                __do_clear_bss
 *(.init4)
 *(.init5)
 *(.init5)
 *(.init6)
 *(.init6)
 *(.init7)
 *(.init7)
 *(.init8)
 *(.init8)
 *(.init9)
 .init9         0x00000842        0x6 c:/program files (x86)/atmel/atmel toolchain/avr8 gcc/native/3.4.1061/avr8-gnu-toolchain/bin/../lib/gcc/avr/4.8.1/../../../../avr/lib/avr5/crtm162.o
 *(.init9)
 *(.text)
 .text          0x00000848        0x2 c:/program files (x86)/atmel/atmel toolchain/avr8 gcc/native/3.4.1061/avr8-gnu-toolchain/bin/../lib/gcc/avr/4.8.1/../../../../avr/lib/avr5/crtm162.o
                0x00000848                __vector_22
                0x00000848                __vector_1
                0x00000848                __vector_24
                0x00000848                __vector_12
                0x00000848                __bad_interrupt
                0x00000848                __vector_6
                0x00000848                __vector_3
                0x00000848                __vector_23
                0x00000848                __vector_25
                0x00000848                __vector_11
                0x00000848                __vector_13
                0x00000848                __vector_17
                0x00000848                __vector_19
                0x00000848                __vector_7
                0x00000848                __vector_27
                0x00000848                __vector_5
                0x00000848                __vector_4
                0x00000848                __vector_9
                0x00000848                __vector_21
                0x00000848                __vector_15
                0x00000848                __vector_8
                0x00000848                __vector_26
                0x00000848                __vector_14
                0x00000848                __vector_10
                0x00000848                __vector_16
                0x00000848                __vector_18
                0x00000848                __vector_20
                0x0000084a                . = ALIGN (0x2)
 *(.text.*)
 .text.ADC_read
                0x0000084a       0x1a adc_driver.o
                0x0000084a                ADC_read
 .text.can_controller_reset
                0x00000864       0x16 can_controller_driver.o
                0x00000864                can_controller_reset
 .text.can_controller_read
                0x0000087a       0x16 can_controller_driver.o
                0x0000087a                can_controller_read
 .text.can_controller_request_to_send
                0x00000890        0xe can_controller_driver.o
                0x00000890                can_controller_request_to_send
 .text.can_controller_bit_modify
                0x0000089e       0x28 can_controller_driver.o
                0x0000089e                can_controller_bit_modify
 .text.can_controller_set_mode
                0x000008c6       0x10 can_controller_driver.o
                0x000008c6                can_controller_set_mode
 .text.can_controller_write
                0x000008d6       0x1e can_controller_driver.o
                0x000008d6                can_controller_write
 .text.can_controller_init
                0x000008f4       0x4c can_controller_driver.o
                0x000008f4                can_controller_init
 .text.can_init
                0x00000940       0x3c can_driver.o
                0x00000940                can_init
 .text.can_send_msg
                0x0000097c       0x42 can_driver.o
                0x0000097c                can_send_msg
 .text.can_recieve_msg
                0x000009be       0x44 can_driver.o
                0x000009be                can_recieve_msg
 .text.__vector_2
                0x00000a02      0x11e can_driver.o
                0x00000a02                __vector_2
 .text.send_game_init
                0x00000b20       0x72 game.o
                0x00000b20                send_game_init
 .text.send_multi_board_output
                0x00000b92       0x72 game.o
                0x00000b92                send_multi_board_output
 .text.menu_set_state
                0x00000c04      0x100 game.o
                0x00000c04                menu_set_state
 .text.menu_state_machine_setup
                0x00000d04      0x112 game.o
                0x00000d04                menu_state_machine_setup
 .text.menu_move_arrow
                0x00000e16      0x116 game.o
                0x00000e16                menu_move_arrow
 .text.menu_state_machine
                0x00000f2c       0x96 game.o
                0x00000f2c                menu_state_machine
 .text.joystick_init
                0x00000fc2       0x1e joystick.o
                0x00000fc2                joystick_init
 .text.get_joystick_position
                0x00000fe0       0xe0 joystick.o
                0x00000fe0                get_joystick_position
 .text.get_joystick_direction
                0x000010c0       0xa6 joystick.o
                0x000010c0                get_joystick_direction
 .text.get_left_slider
                0x00001166       0x28 joystick.o
                0x00001166                get_left_slider
 .text.get_right_slider
                0x0000118e       0x22 joystick.o
                0x0000118e                get_right_slider
 .text.get_joystick_right_button
                0x000011b0        0x8 joystick.o
                0x000011b0                get_joystick_right_button
 .text.get_joystick_left_button
                0x000011b8        0x8 joystick.o
                0x000011b8                get_joystick_left_button
 .text.main     0x000011c0       0x76 main.o
                0x000011c0                main
 .text.oled_init
                0x00001236       0x5a oled_driver.o
                0x00001236                oled_init
 .text.oled_goto_line
                0x00001290       0x10 oled_driver.o
                0x00001290                oled_goto_line
 .text.oled_goto_column
                0x000012a0       0x10 oled_driver.o
                0x000012a0                oled_goto_column
 .text.oled_reset
                0x000012b0       0x1a oled_driver.o
                0x000012b0                oled_reset
 .text.oled_pos
                0x000012ca        0xe oled_driver.o
                0x000012ca                oled_pos
 .text.oled_print_char
                0x000012d8       0x8c oled_driver.o
                0x000012d8                oled_print_char
 .text.oled_print
                0x00001364       0x4e oled_driver.o
                0x00001364                oled_print
 .text.oled_print_special_char
                0x000013b2       0x28 oled_driver.o
                0x000013b2                oled_print_special_char
 .text.SPI_MasterInit
                0x000013da        0xc spi_driver.o
                0x000013da                SPI_MasterInit
 .text.SPI_MasterTransmit
                0x000013e6        0x8 spi_driver.o
                0x000013e6                SPI_MasterTransmit
 .text.spi_init
                0x000013ee        0x4 spi_driver.o
                0x000013ee                spi_init
 .text.spi_send
                0x000013f2        0x4 spi_driver.o
                0x000013f2                spi_send
 .text.spi_read
                0x000013f6        0x8 spi_driver.o
                0x000013f6                spi_read
 .text.SRAM_init
                0x000013fe        0xe sram_driver.o
                0x000013fe                SRAM_init
 .text.USART_Transmit
                0x0000140c        0x8 usart_driver.o
                0x0000140c                USART_Transmit
 .text.USART_Receive
                0x00001414        0x8 usart_driver.o
                0x00001414                USART_Receive
 .text.USART_Init
                0x0000141c       0x18 usart_driver.o
                0x0000141c                USART_Init
 .text.avr-libc.fplib
                0x00001434        0xa c:/program files (x86)/atmel/atmel toolchain/avr8 gcc/native/3.4.1061/avr8-gnu-toolchain/bin/../lib/gcc/avr/4.8.1/../../../../avr/lib/avr5\libm.a(addsf3.o)
                0x00001434                __subsf3
                0x00001436                __addsf3
 .text.avr-libc.fplib
                0x0000143e       0xc0 c:/program files (x86)/atmel/atmel toolchain/avr8 gcc/native/3.4.1061/avr8-gnu-toolchain/bin/../lib/gcc/avr/4.8.1/../../../../avr/lib/avr5\libm.a(addsf3x.o)
                0x00001458                __addsf3x
 .text.avr-libc.fplib
                0x000014fe        0x4 c:/program files (x86)/atmel/atmel toolchain/avr8 gcc/native/3.4.1061/avr8-gnu-toolchain/bin/../lib/gcc/avr/4.8.1/../../../../avr/lib/avr5\libm.a(divsf3.o)
                0x000014fe                __divsf3
 .text.avr-libc.fplib
                0x00001502       0xcc c:/program files (x86)/atmel/atmel toolchain/avr8 gcc/native/3.4.1061/avr8-gnu-toolchain/bin/../lib/gcc/avr/4.8.1/../../../../avr/lib/avr5\libm.a(divsf3x.o)
                0x00001518                __divsf3x
                0x0000151c                __divsf3_pse
 .text.avr-libc.fplib
                0x000015ce        0xa c:/program files (x86)/atmel/atmel toolchain/avr8 gcc/native/3.4.1061/avr8-gnu-toolchain/bin/../lib/gcc/avr/4.8.1/../../../../avr/lib/avr5\libm.a(fixsfsi.o)
                0x000015ce                __fixsfsi
 .text.avr-libc.fplib
                0x000015d8       0x58 c:/program files (x86)/atmel/atmel toolchain/avr8 gcc/native/3.4.1061/avr8-gnu-toolchain/bin/../lib/gcc/avr/4.8.1/../../../../avr/lib/avr5\libm.a(fixunssfsi.o)
                0x000015d8                __fixunssfsi
 .text.avr-libc.fplib
                0x00001630       0x7a c:/program files (x86)/atmel/atmel toolchain/avr8 gcc/native/3.4.1061/avr8-gnu-toolchain/bin/../lib/gcc/avr/4.8.1/../../../../avr/lib/avr5\libm.a(floatsisf.o)
                0x00001630                __floatunsisf
                0x00001634                __floatsisf
 .text.avr-libc.fplib
                0x000016aa        0xc c:/program files (x86)/atmel/atmel toolchain/avr8 gcc/native/3.4.1061/avr8-gnu-toolchain/bin/../lib/gcc/avr/4.8.1/../../../../avr/lib/avr5\libm.a(fp_inf.o)
                0x000016aa                __fp_inf
 .text.avr-libc.fplib
                0x000016b6        0x6 c:/program files (x86)/atmel/atmel toolchain/avr8 gcc/native/3.4.1061/avr8-gnu-toolchain/bin/../lib/gcc/avr/4.8.1/../../../../avr/lib/avr5\libm.a(fp_nan.o)
                0x000016b6                __fp_nan
 .text.avr-libc.fplib
                0x000016bc        0xe c:/program files (x86)/atmel/atmel toolchain/avr8 gcc/native/3.4.1061/avr8-gnu-toolchain/bin/../lib/gcc/avr/4.8.1/../../../../avr/lib/avr5\libm.a(fp_pscA.o)
                0x000016bc                __fp_pscA
 .text.avr-libc.fplib
                0x000016ca        0xe c:/program files (x86)/atmel/atmel toolchain/avr8 gcc/native/3.4.1061/avr8-gnu-toolchain/bin/../lib/gcc/avr/4.8.1/../../../../avr/lib/avr5\libm.a(fp_pscB.o)
                0x000016ca                __fp_pscB
 .text.avr-libc.fplib
                0x000016d8       0x22 c:/program files (x86)/atmel/atmel toolchain/avr8 gcc/native/3.4.1061/avr8-gnu-toolchain/bin/../lib/gcc/avr/4.8.1/../../../../avr/lib/avr5\libm.a(fp_round.o)
                0x000016d8                __fp_round
 .text.avr-libc.fplib
                0x000016fa       0x44 c:/program files (x86)/atmel/atmel toolchain/avr8 gcc/native/3.4.1061/avr8-gnu-toolchain/bin/../lib/gcc/avr/4.8.1/../../../../avr/lib/avr5\libm.a(fp_split3.o)
                0x000016fa                __fp_split3
                0x0000170a                __fp_splitA
 .text.avr-libc.fplib
                0x0000173e        0xe c:/program files (x86)/atmel/atmel toolchain/avr8 gcc/native/3.4.1061/avr8-gnu-toolchain/bin/../lib/gcc/avr/4.8.1/../../../../avr/lib/avr5\libm.a(fp_zero.o)
                0x0000173e                __fp_zero
                0x00001740                __fp_szero
 .text.avr-libc
                0x0000174c      0x24e c:/program files (x86)/atmel/atmel toolchain/avr8 gcc/native/3.4.1061/avr8-gnu-toolchain/bin/../lib/gcc/avr/4.8.1/../../../../avr/lib/avr5\libc.a(malloc.o)
                0x0000174c                malloc
                0x0000187c                free
 .text.avr-libc
                0x0000199a       0x94 c:/program files (x86)/atmel/atmel toolchain/avr8 gcc/native/3.4.1061/avr8-gnu-toolchain/bin/../lib/gcc/avr/4.8.1/../../../../avr/lib/avr5\libc.a(fdevopen.o)
                0x0000199a                fdevopen
 .text.avr-libc
                0x00001a2e       0x22 c:/program files (x86)/atmel/atmel toolchain/avr8 gcc/native/3.4.1061/avr8-gnu-toolchain/bin/../lib/gcc/avr/4.8.1/../../../../avr/lib/avr5\libc.a(printf.o)
                0x00001a2e                printf
 .text.avr-libc
                0x00001a50      0x386 c:/program files (x86)/atmel/atmel toolchain/avr8 gcc/native/3.4.1061/avr8-gnu-toolchain/bin/../lib/gcc/avr/4.8.1/../../../../avr/lib/avr5\libc.a(vfprintf_std.o)
                0x00001a50                vfprintf
 .text.avr-libc
                0x00001dd6       0x34 c:/program files (x86)/atmel/atmel toolchain/avr8 gcc/native/3.4.1061/avr8-gnu-toolchain/bin/../lib/gcc/avr/4.8.1/../../../../avr/lib/avr5\libc.a(calloc.o)
                0x00001dd6                calloc
 .text.avr-libc
                0x00001e0a       0x16 c:/program files (x86)/atmel/atmel toolchain/avr8 gcc/native/3.4.1061/avr8-gnu-toolchain/bin/../lib/gcc/avr/4.8.1/../../../../avr/lib/avr5\libc.a(strnlen_P.o)
                0x00001e0a                strnlen_P
 .text.avr-libc
                0x00001e20        0xe c:/program files (x86)/atmel/atmel toolchain/avr8 gcc/native/3.4.1061/avr8-gnu-toolchain/bin/../lib/gcc/avr/4.8.1/../../../../avr/lib/avr5\libc.a(memset.o)
                0x00001e20                memset
 .text.avr-libc
                0x00001e2e       0x16 c:/program files (x86)/atmel/atmel toolchain/avr8 gcc/native/3.4.1061/avr8-gnu-toolchain/bin/../lib/gcc/avr/4.8.1/../../../../avr/lib/avr5\libc.a(strnlen.o)
                0x00001e2e                strnlen
 .text.avr-libc
                0x00001e44       0x64 c:/program files (x86)/atmel/atmel toolchain/avr8 gcc/native/3.4.1061/avr8-gnu-toolchain/bin/../lib/gcc/avr/4.8.1/../../../../avr/lib/avr5\libc.a(fputc.o)
                0x00001e44                fputc
 .text.avr-libc
                0x00001ea8       0xbc c:/program files (x86)/atmel/atmel toolchain/avr8 gcc/native/3.4.1061/avr8-gnu-toolchain/bin/../lib/gcc/avr/4.8.1/../../../../avr/lib/avr5\libc.a(ultoa_invert.o)
                0x00001ea8                __ultoa_invert
 .text.libgcc.prologue
                0x00001f64       0x38 c:/program files (x86)/atmel/atmel toolchain/avr8 gcc/native/3.4.1061/avr8-gnu-toolchain/bin/../lib/gcc/avr/4.8.1/avr5\libgcc.a(_prologue.o)
                0x00001f64                __prologue_saves__
 .text.libgcc.prologue
                0x00001f9c       0x36 c:/program files (x86)/atmel/atmel toolchain/avr8 gcc/native/3.4.1061/avr8-gnu-toolchain/bin/../lib/gcc/avr/4.8.1/avr5\libgcc.a(_epilogue.o)
                0x00001f9c                __epilogue_restores__
                0x00001fd2                . = ALIGN (0x2)
 *(.fini9)
 .fini9         0x00001fd2        0x0 c:/program files (x86)/atmel/atmel toolchain/avr8 gcc/native/3.4.1061/avr8-gnu-toolchain/bin/../lib/gcc/avr/4.8.1/avr5\libgcc.a(_exit.o)
                0x00001fd2                _exit
                0x00001fd2                exit
 *(.fini9)
 *(.fini8)
 *(.fini8)
 *(.fini7)
 *(.fini7)
 *(.fini6)
 *(.fini6)
 *(.fini5)
 *(.fini5)
 *(.fini4)
 *(.fini4)
 *(.fini3)
 *(.fini3)
 *(.fini2)
 *(.fini2)
 *(.fini1)
 *(.fini1)
 *(.fini0)
 .fini0         0x00001fd2        0x4 c:/program files (x86)/atmel/atmel toolchain/avr8 gcc/native/3.4.1061/avr8-gnu-toolchain/bin/../lib/gcc/avr/4.8.1/avr5\libgcc.a(_exit.o)
 *(.fini0)
                0x00001fd6                _etext = .

.data           0x00800100      0x100 load address 0x00001fd6
                0x00800100                PROVIDE (__data_start, .)
 *(.data)
 .data          0x00800100        0x6 c:/program files (x86)/atmel/atmel toolchain/avr8 gcc/native/3.4.1061/avr8-gnu-toolchain/bin/../lib/gcc/avr/4.8.1/../../../../avr/lib/avr5\libc.a(malloc.o)
                0x00800100                __malloc_heap_end
                0x00800102                __malloc_heap_start
                0x00800104                __malloc_margin
 *(.data*)
 *(.rodata)
 *(.rodata*)
 .rodata.str1.1
                0x00800106       0x4d can_controller_driver.o
 .rodata.str1.1
                0x00800153       0x4c can_driver.o
 .rodata.str1.1
                0x0080019f       0x3c game.o
 .rodata.str1.1
                0x008001db       0x25 main.o
 *(.gnu.linkonce.d*)
                0x00800200                . = ALIGN (0x2)
                0x00800200                _edata = .
                0x00800200                PROVIDE (__data_end, .)

.bss            0x00800200        0xe
                0x00800200                PROVIDE (__bss_start, .)
 *(.bss)
 *(.bss*)
 .bss.y_middle_pos
                0x00800200        0x2 joystick.o
 .bss.x_middle_pos
                0x00800202        0x2 joystick.o
 *(COMMON)
 COMMON         0x00800204        0x4 c:/program files (x86)/atmel/atmel toolchain/avr8 gcc/native/3.4.1061/avr8-gnu-toolchain/bin/../lib/gcc/avr/4.8.1/../../../../avr/lib/avr5\libc.a(malloc.o)
                0x00800204                __brkval
                0x00800206                __flp
 COMMON         0x00800208        0x6 c:/program files (x86)/atmel/atmel toolchain/avr8 gcc/native/3.4.1061/avr8-gnu-toolchain/bin/../lib/gcc/avr/4.8.1/../../../../avr/lib/avr5\libc.a(iob.o)
                0x00800208                __iob
                0x0080020e                PROVIDE (__bss_end, .)
                0x00001fd6                __data_load_start = LOADADDR (.data)
                0x000020d6                __data_load_end = (__data_load_start + SIZEOF (.data))

.noinit         0x0080020e        0x0
                0x0080020e                PROVIDE (__noinit_start, .)
 *(.noinit*)
                0x0080020e                PROVIDE (__noinit_end, .)
                0x0080020e                _end = .
                0x0080020e                PROVIDE (__heap_start, .)

.eeprom         0x00810000        0x0
 *(.eeprom*)
                0x00810000                __eeprom_end = .

.fuse
 *(.fuse)
 *(.lfuse)
 *(.hfuse)
 *(.efuse)

.lock
 *(.lock*)

.signature
 *(.signature*)

.user_signatures
 *(.user_signatures*)

.stab
 *(.stab)

.stabstr
 *(.stabstr)

.stab.excl
 *(.stab.excl)

.stab.exclstr
 *(.stab.exclstr)

.stab.index
 *(.stab.index)

.stab.indexstr
 *(.stab.indexstr)

.comment        0x00000000       0x5c
 *(.comment)
 .comment       0x00000000       0x30 adc_driver.o
                                 0x31 (size before relaxing)
 .comment       0x00000000       0x31 can_controller_driver.o
 .comment       0x00000000       0x31 can_driver.o
 .comment       0x00000000       0x31 game.o
 .comment       0x00000000       0x31 joystick.o
 .comment       0x00000000       0x31 main.o
 .comment       0x00000000       0x31 oled_driver.o
 .comment       0x00000000       0x31 spi_driver.o
 .comment       0x00000000       0x31 sram_driver.o
 .comment       0x00000000       0x31 usart_driver.o
 .comment       0x00000000       0x31 c:/program files (x86)/atmel/atmel toolchain/avr8 gcc/native/3.4.1061/avr8-gnu-toolchain/bin/../lib/gcc/avr/4.8.1/../../../../avr/lib/avr5\libc.a(malloc.o)
 .comment       0x00000000       0x31 c:/program files (x86)/atmel/atmel toolchain/avr8 gcc/native/3.4.1061/avr8-gnu-toolchain/bin/../lib/gcc/avr/4.8.1/../../../../avr/lib/avr5\libc.a(fdevopen.o)
 .comment       0x00000000       0x31 c:/program files (x86)/atmel/atmel toolchain/avr8 gcc/native/3.4.1061/avr8-gnu-toolchain/bin/../lib/gcc/avr/4.8.1/../../../../avr/lib/avr5\libc.a(iob.o)
 .comment       0x00000000       0x31 c:/program files (x86)/atmel/atmel toolchain/avr8 gcc/native/3.4.1061/avr8-gnu-toolchain/bin/../lib/gcc/avr/4.8.1/../../../../avr/lib/avr5\libc.a(printf.o)
 .comment       0x00000030       0x2c c:/program files (x86)/atmel/atmel toolchain/avr8 gcc/native/3.4.1061/avr8-gnu-toolchain/bin/../lib/gcc/avr/4.8.1/../../../../avr/lib/avr5\libc.a(vfprintf_std.o)
                                 0x2d (size before relaxing)
 .comment       0x00000000       0x31 c:/program files (x86)/atmel/atmel toolchain/avr8 gcc/native/3.4.1061/avr8-gnu-toolchain/bin/../lib/gcc/avr/4.8.1/../../../../avr/lib/avr5\libc.a(calloc.o)
 .comment       0x00000000       0x31 c:/program files (x86)/atmel/atmel toolchain/avr8 gcc/native/3.4.1061/avr8-gnu-toolchain/bin/../lib/gcc/avr/4.8.1/../../../../avr/lib/avr5\libc.a(fputc.o)

.note.gnu.build-id
 *(.note.gnu.build-id)

.debug
 *(.debug)

.line
 *(.line)

.debug_srcinfo
 *(.debug_srcinfo)

.debug_sfnames
 *(.debug_sfnames)

.debug_aranges  0x00000000      0x330
 *(.debug_aranges)
 .debug_aranges
                0x00000000       0x28 adc_driver.o
 .debug_aranges
                0x00000028       0x70 can_controller_driver.o
 .debug_aranges
                0x00000098       0x38 can_driver.o
 .debug_aranges
                0x000000d0       0x50 game.o
 .debug_aranges
                0x00000120       0x58 joystick.o
 .debug_aranges
                0x00000178       0x28 main.o
 .debug_aranges
                0x000001a0       0xd8 oled_driver.o
 .debug_aranges
                0x00000278       0x48 spi_driver.o
 .debug_aranges
                0x000002c0       0x38 sram_driver.o
 .debug_aranges
                0x000002f8       0x38 usart_driver.o

.debug_pubnames
 *(.debug_pubnames)

.debug_info     0x00000000     0x422a
 *(.debug_info .gnu.linkonce.wi.*)
 .debug_info    0x00000000      0x16b adc_driver.o
 .debug_info    0x0000016b      0x64e can_controller_driver.o
 .debug_info    0x000007b9      0x578 can_driver.o
 .debug_info    0x00000d31      0xbcd game.o
 .debug_info    0x000018fe      0x3d4 joystick.o
 .debug_info    0x00001cd2      0x42c main.o
 .debug_info    0x000020fe     0x1b85 oled_driver.o
 .debug_info    0x00003c83      0x199 spi_driver.o
 .debug_info    0x00003e1c      0x1bc sram_driver.o
 .debug_info    0x00003fd8      0x252 usart_driver.o

.debug_abbrev   0x00000000     0x1351
 *(.debug_abbrev)
 .debug_abbrev  0x00000000      0x11a adc_driver.o
 .debug_abbrev  0x0000011a      0x23f can_controller_driver.o
 .debug_abbrev  0x00000359      0x23f can_driver.o
 .debug_abbrev  0x00000598      0x29f game.o
 .debug_abbrev  0x00000837      0x1cf joystick.o
 .debug_abbrev  0x00000a06      0x21a main.o
 .debug_abbrev  0x00000c20      0x36d oled_driver.o
 .debug_abbrev  0x00000f8d      0x149 spi_driver.o
 .debug_abbrev  0x000010d6      0x116 sram_driver.o
 .debug_abbrev  0x000011ec      0x165 usart_driver.o

.debug_line     0x00000000     0x2f91
 *(.debug_line .debug_line.* .debug_line_end)
 .debug_line    0x00000000      0x2ee adc_driver.o
 .debug_line    0x000002ee      0x5ac can_controller_driver.o
 .debug_line    0x0000089a      0x4be can_driver.o
 .debug_line    0x00000d58      0x6aa game.o
 .debug_line    0x00001402      0x49f joystick.o
 .debug_line    0x000018a1      0x3f8 main.o
 .debug_line    0x00001c99      0x9eb oled_driver.o
 .debug_line    0x00002684      0x349 spi_driver.o
 .debug_line    0x000029cd      0x306 sram_driver.o
 .debug_line    0x00002cd3      0x2be usart_driver.o

.debug_frame    0x00000000      0x984
 *(.debug_frame)
 .debug_frame   0x00000000       0x34 adc_driver.o
 .debug_frame   0x00000034      0x128 can_controller_driver.o
 .debug_frame   0x0000015c      0x118 can_driver.o
 .debug_frame   0x00000274      0x1a4 game.o
 .debug_frame   0x00000418       0xf0 joystick.o
 .debug_frame   0x00000508       0x44 main.o
 .debug_frame   0x0000054c      0x2b8 oled_driver.o
 .debug_frame   0x00000804       0x74 spi_driver.o
 .debug_frame   0x00000878       0xac sram_driver.o
 .debug_frame   0x00000924       0x60 usart_driver.o

.debug_str      0x00000000     0x9543
 *(.debug_str)
 .debug_str     0x00000000     0x6486 adc_driver.o
                               0x6528 (size before relaxing)
 .debug_str     0x00006486     0x1470 can_controller_driver.o
                               0x79ba (size before relaxing)
 .debug_str     0x000078f6      0x3fe can_driver.o
                               0x7ca2 (size before relaxing)
 .debug_str     0x00007cf4      0x2a6 game.o
                               0x72e7 (size before relaxing)
 .debug_str     0x00007f9a       0x60 joystick.o
                               0x715f (size before relaxing)
 .debug_str     0x00007ffa       0x53 main.o
                               0x71ea (size before relaxing)
 .debug_str     0x0000804d     0x13c1 oled_driver.o
                               0x84a7 (size before relaxing)
 .debug_str     0x0000940e       0x43 spi_driver.o
                               0x64f2 (size before relaxing)
 .debug_str     0x00009451       0x85 sram_driver.o
                               0x6cae (size before relaxing)
 .debug_str     0x000094d6       0x6d usart_driver.o
                               0x6727 (size before relaxing)

.debug_loc      0x00000000     0x2b75
 *(.debug_loc)
 .debug_loc     0x00000000       0x53 adc_driver.o
 .debug_loc     0x00000053      0x527 can_controller_driver.o
 .debug_loc     0x0000057a      0x4df can_driver.o
 .debug_loc     0x00000a59      0xb53 game.o
 .debug_loc     0x000015ac      0x379 joystick.o
 .debug_loc     0x00001925       0x47 main.o
 .debug_loc     0x0000196c      0xfcc oled_driver.o
 .debug_loc     0x00002938       0x21 spi_driver.o
 .debug_loc     0x00002959      0x1a7 sram_driver.o
 .debug_loc     0x00002b00       0x75 usart_driver.o

.debug_macinfo
 *(.debug_macinfo)

.debug_weaknames
 *(.debug_weaknames)

.debug_funcnames
 *(.debug_funcnames)

.debug_typenames
 *(.debug_typenames)

.debug_varnames
 *(.debug_varnames)

.debug_pubtypes
 *(.debug_pubtypes)

.debug_ranges   0x00000000      0x340
 *(.debug_ranges)
 .debug_ranges  0x00000000       0x18 adc_driver.o
 .debug_ranges  0x00000018       0x60 can_controller_driver.o
 .debug_ranges  0x00000078       0x28 can_driver.o
 .debug_ranges  0x000000a0       0x40 game.o
 .debug_ranges  0x000000e0       0x48 joystick.o
 .debug_ranges  0x00000128       0x18 main.o
 .debug_ranges  0x00000140      0x160 oled_driver.o
 .debug_ranges  0x000002a0       0x38 spi_driver.o
 .debug_ranges  0x000002d8       0x40 sram_driver.o
 .debug_ranges  0x00000318       0x28 usart_driver.o

.debug_macro    0x00000000     0x3a27
 *(.debug_macro)
 .debug_macro   0x00000000       0xb6 adc_driver.o
 .debug_macro   0x000000b6      0xa30 adc_driver.o
 .debug_macro   0x00000ae6      0x1ad adc_driver.o
 .debug_macro   0x00000c93       0x10 adc_driver.o
 .debug_macro   0x00000ca3      0x299 adc_driver.o
 .debug_macro   0x00000f3c       0x9e adc_driver.o
 .debug_macro   0x00000fda      0xf36 adc_driver.o
 .debug_macro   0x00001f10      0x185 adc_driver.o
 .debug_macro   0x00002095       0xbd adc_driver.o
 .debug_macro   0x00002152       0x34 adc_driver.o
 .debug_macro   0x00002186       0x18 adc_driver.o
 .debug_macro   0x0000219e       0x6c adc_driver.o
 .debug_macro   0x0000220a       0x10 adc_driver.o
 .debug_macro   0x0000221a      0x16d adc_driver.o
 .debug_macro   0x00002387       0x10 adc_driver.o
 .debug_macro   0x00002397      0x11e can_controller_driver.o
 .debug_macro   0x000024b5       0x58 can_controller_driver.o
 .debug_macro   0x0000250d       0x10 can_controller_driver.o
 .debug_macro   0x0000251d       0x97 can_controller_driver.o
 .debug_macro   0x000025b4       0xeb can_controller_driver.o
 .debug_macro   0x0000269f       0x16 can_controller_driver.o
 .debug_macro   0x000026b5       0x20 can_controller_driver.o
 .debug_macro   0x000026d5       0x16 can_controller_driver.o
 .debug_macro   0x000026eb       0x1c can_controller_driver.o
 .debug_macro   0x00002707       0x97 can_controller_driver.o
 .debug_macro   0x0000279e       0x5a can_controller_driver.o
 .debug_macro   0x000027f8       0x34 can_controller_driver.o
 .debug_macro   0x0000282c       0xaa can_controller_driver.o
 .debug_macro   0x000028d6      0x167 can_controller_driver.o
 .debug_macro   0x00002a3d      0x312 can_controller_driver.o
 .debug_macro   0x00002d4f      0x121 can_driver.o
 .debug_macro   0x00002e70       0x69 can_driver.o
 .debug_macro   0x00002ed9      0x128 game.o
 .debug_macro   0x00003001       0x10 game.o
 .debug_macro   0x00003011      0x116 joystick.o
 .debug_macro   0x00003127      0x293 joystick.o
 .debug_macro   0x000033ba       0x66 joystick.o
 .debug_macro   0x00003420      0x159 main.o
 .debug_macro   0x00003579       0x16 main.o
 .debug_macro   0x0000358f      0x140 oled_driver.o
 .debug_macro   0x000036cf       0x10 oled_driver.o
 .debug_macro   0x000036df       0x12 oled_driver.o
 .debug_macro   0x000036f1       0xe2 oled_driver.o
 .debug_macro   0x000037d3       0xb3 spi_driver.o
 .debug_macro   0x00003886       0xef sram_driver.o
 .debug_macro   0x00003975       0xb2 usart_driver.o
OUTPUT(byggern24_node1.elf elf32-avr)
LOAD linker stubs
